// Vitest Snapshot v1, https://vitest.dev/guide/snapshot.html

exports[`minify 1`] = `
""use strict";function _class_call_check(instance,Constructor){if(!(instance instanceof Constructor)){throw new TypeError("Cannot call a class as a function")}}var Foo=function Foo(){_class_call_check(this,Foo);this.a=1};exports.Foo=Foo;
"
`;

exports[`rollup 1`] = `
"'use strict';

var foo = "foo";

exports.foo = foo;
"
`;
